<html>
<body>
<pre>
<h1>µVision Build Log</h1>
<h2>Project:</h2>
C:\Users\dsh\Desktop\megantic sensor\Project\Test.uvproj
Project File Date:  03/16/2014

<h2>Output:</h2>
Rebuild target 'Test'
compiling core_cm3.c...
assembling startup_stm32f10x_hd.s...
compiling system_stm32f10x.c...
compiling stm32f10x_dma.c...
compiling misc.c...
compiling stm32f10x_rcc.c...
compiling stm32f10x_gpio.c...
compiling stm32f10x_usart.c...
compiling stm32f10x_i2c.c...
compiling stm32f10x_fsmc.c...
compiling delay.c...
compiling lcd.c...
..\user\lcd.c(197): warning:  #223-D: function "abs" declared implicitly
compiling main.c...
..\user\i2c.h(45): warning:  #1-D: last line of file ends without a newline
compiling nvic.c...
compiling stm32f10x_it.c...
compiling usart.c...
compiling i2c.c...
..\user\i2c.h(45): warning:  #1-D: last line of file ends without a newline
compiling mpu6050.c...
..\user\i2c.h(45): warning:  #1-D: last line of file ends without a newline
compiling hmc5338l.c...
..\user\i2c.h(45): warning:  #1-D: last line of file ends without a newline
..\user\hmc5338l.c(20): warning:  #175-D: subscript out of range
linking...
Program Size: Code=15348 RO-data=27044 RW-data=84 ZI-data=1028  
FromELF: creating hex file...
".\obj\Test.axf" - 0 Error(s), 6 Warning(s).
Load "C:\\Users\\dsh\\Desktop\\megantic sensor\\Project\\obj\\Test.AXF" 
* JLink Info: Device "STM32F103ZE" selected (512 KB flash, 64 KB RAM).
Set JLink Project File to "C:\Users\dsh\Desktop\megantic sensor\Project\JLinkSettings.ini"
 
JLink info:
------------
DLL: V4.36l, compiled Dec  2 2011 18:52:36
Firmware: J-Link ARM V8 compiled Nov 14 2012 22:34:52
Hardware: V8.00
S/N : 20090626 
Feature(s) : RDI,FlashDL,FlashBP,JFlash,GDBFull 
 
* JLink Info: Found SWD-DP with ID 0x1BA01477
* JLink Info: TPIU fitted.
* JLink Info: ETM fitted.
* JLink Info:   FPUnit: 6 code (BP) slots and 2 literal slots
* JLink Info: Found Cortex-M3 r1p1, Little endian.
ROMTableAddr = 0xE00FF003
* JLink Info: Found SWD-DP with ID 0x1BA01477
* JLink Info: TPIU fitted.
* JLink Info: ETM fitted.
* JLink Info:   FPUnit: 6 code (BP) slots and 2 literal slots
* JLink Info: Found Cortex-M3 r1p1, Little endian.
 
Target info:
------------
Device: STM32F103ZE
VTarget = 3.280V
State of Pins: 
TCK: 0, TDI: 1, TDO: 1, TMS: 1, TRES: 1, TRST: 1
Hardware-Breakpoints: 6
Software-Breakpoints: 8192
Watchpoints:          4
JTAG speed: 4000 kHz
 
Erase Done.
Programming Done.
Verify OK.
* JLink Info: Found SWD-DP with ID 0x1BA01477
* JLink Info: TPIU fitted.
* JLink Info: ETM fitted.
* JLink Info:   FPUnit: 6 code (BP) slots and 2 literal slots
* JLink Info: Found Cortex-M3 r1p1, Little endian.
Application running ...
Rebuild target 'Test'
compiling core_cm3.c...
assembling startup_stm32f10x_hd.s...
compiling system_stm32f10x.c...
compiling stm32f10x_dma.c...
compiling misc.c...
compiling stm32f10x_rcc.c...
compiling stm32f10x_gpio.c...
compiling stm32f10x_usart.c...
compiling stm32f10x_i2c.c...
compiling stm32f10x_fsmc.c...
compiling delay.c...
compiling lcd.c...
..\user\lcd.c(197): warning:  #223-D: function "abs" declared implicitly
compiling main.c...
..\user\i2c.h(45): warning:  #1-D: last line of file ends without a newline
compiling nvic.c...
compiling stm32f10x_it.c...
compiling usart.c...
compiling i2c.c...
..\user\i2c.h(45): warning:  #1-D: last line of file ends without a newline
compiling mpu6050.c...
..\user\i2c.h(45): warning:  #1-D: last line of file ends without a newline
..\user\mpu6050.c(41): error:  #130: expected a "{"
..\user\mpu6050.c(47): warning:  #167-D: argument of type "char *" is incompatible with parameter of type "uint8_t *"
..\user\mpu6050.c(54): error:  #118: a void function may not return a value
compiling hmc5338l.c...
..\user\i2c.h(45): warning:  #1-D: last line of file ends without a newline
..\user\hmc5338l.c(20): warning:  #175-D: subscript out of range
Target not created
Build target 'Test'
compiling mpu6050.c...
..\user\i2c.h(45): warning:  #1-D: last line of file ends without a newline
..\user\mpu6050.c(46): warning:  #167-D: argument of type "char *" is incompatible with parameter of type "uint8_t *"
linking...
Program Size: Code=15400 RO-data=27040 RW-data=84 ZI-data=1028  
FromELF: creating hex file...
".\obj\Test.axf" - 0 Error(s), 2 Warning(s).
Rebuild target 'Test'
compiling core_cm3.c...
assembling startup_stm32f10x_hd.s...
compiling system_stm32f10x.c...
compiling stm32f10x_dma.c...
compiling misc.c...
compiling stm32f10x_rcc.c...
compiling stm32f10x_gpio.c...
compiling stm32f10x_usart.c...
compiling stm32f10x_i2c.c...
compiling stm32f10x_fsmc.c...
compiling delay.c...
compiling lcd.c...
..\user\lcd.c(197): warning:  #223-D: function "abs" declared implicitly
compiling main.c...
..\user\i2c.h(45): warning:  #1-D: last line of file ends without a newline
compiling nvic.c...
compiling stm32f10x_it.c...
compiling usart.c...
compiling i2c.c...
..\user\i2c.h(45): warning:  #1-D: last line of file ends without a newline
compiling mpu6050.c...
..\user\i2c.h(45): warning:  #1-D: last line of file ends without a newline
..\user\mpu6050.c(46): warning:  #167-D: argument of type "char *" is incompatible with parameter of type "uint8_t *"
compiling hmc5338l.c...
..\user\i2c.h(45): warning:  #1-D: last line of file ends without a newline
..\user\hmc5338l.c(20): warning:  #175-D: subscript out of range
linking...
Program Size: Code=15400 RO-data=27040 RW-data=84 ZI-data=1028  
FromELF: creating hex file...
".\obj\Test.axf" - 0 Error(s), 7 Warning(s).
Load "C:\\Users\\dsh\\Desktop\\megantic sensor\\Project\\obj\\Test.AXF" 
* JLink Info: Device "STM32F103ZE" selected (512 KB flash, 64 KB RAM).
Set JLink Project File to "C:\Users\dsh\Desktop\megantic sensor\Project\JLinkSettings.ini"
 
JLink info:
------------
DLL: V4.36l, compiled Dec  2 2011 18:52:36
Firmware: J-Link ARM V8 compiled Nov 14 2012 22:34:52
Hardware: V8.00
S/N : 20090626 
Feature(s) : RDI,FlashDL,FlashBP,JFlash,GDBFull 
 
* JLink Info: Found SWD-DP with ID 0x1BA01477
* JLink Info: TPIU fitted.
* JLink Info: ETM fitted.
* JLink Info:   FPUnit: 6 code (BP) slots and 2 literal slots
* JLink Info: Found Cortex-M3 r1p1, Little endian.
ROMTableAddr = 0xE00FF003
* JLink Info: Found SWD-DP with ID 0x1BA01477
* JLink Info: TPIU fitted.
* JLink Info: ETM fitted.
* JLink Info:   FPUnit: 6 code (BP) slots and 2 literal slots
* JLink Info: Found Cortex-M3 r1p1, Little endian.
 
Target info:
------------
Device: STM32F103ZE
VTarget = 3.280V
State of Pins: 
TCK: 0, TDI: 1, TDO: 1, TMS: 1, TRES: 1, TRST: 1
Hardware-Breakpoints: 6
Software-Breakpoints: 8192
Watchpoints:          4
JTAG speed: 4000 kHz
 
Erase Done.
Programming Done.
Verify OK.
* JLink Info: Found SWD-DP with ID 0x1BA01477
* JLink Info: TPIU fitted.
* JLink Info: ETM fitted.
* JLink Info:   FPUnit: 6 code (BP) slots and 2 literal slots
* JLink Info: Found Cortex-M3 r1p1, Little endian.
Application running ...
Rebuild target 'Test'
compiling core_cm3.c...
assembling startup_stm32f10x_hd.s...
compiling system_stm32f10x.c...
compiling stm32f10x_dma.c...
compiling misc.c...
compiling stm32f10x_rcc.c...
compiling stm32f10x_gpio.c...
compiling stm32f10x_usart.c...
compiling stm32f10x_i2c.c...
compiling stm32f10x_fsmc.c...
compiling delay.c...
compiling lcd.c...
..\user\lcd.c(197): warning:  #223-D: function "abs" declared implicitly
compiling main.c...
..\user\i2c.h(45): warning:  #1-D: last line of file ends without a newline
compiling nvic.c...
compiling stm32f10x_it.c...
compiling usart.c...
compiling i2c.c...
..\user\i2c.h(45): warning:  #1-D: last line of file ends without a newline
compiling mpu6050.c...
..\user\i2c.h(45): warning:  #1-D: last line of file ends without a newline
compiling hmc5338l.c...
..\user\i2c.h(45): warning:  #1-D: last line of file ends without a newline
..\user\hmc5338l.c(20): warning:  #175-D: subscript out of range
..\user\hmc5338l.c(65): error:  #247: function "HMC5338L_GetID" has already been defined
Target not created
Rebuild target 'Test'
compiling core_cm3.c...
assembling startup_stm32f10x_hd.s...
compiling system_stm32f10x.c...
compiling stm32f10x_dma.c...
compiling misc.c...
compiling stm32f10x_rcc.c...
compiling stm32f10x_gpio.c...
compiling stm32f10x_usart.c...
compiling stm32f10x_i2c.c...
compiling stm32f10x_fsmc.c...
compiling delay.c...
compiling lcd.c...
..\user\lcd.c(197): warning:  #223-D: function "abs" declared implicitly
compiling main.c...
..\user\i2c.h(45): warning:  #1-D: last line of file ends without a newline
compiling nvic.c...
compiling stm32f10x_it.c...
compiling usart.c...
compiling i2c.c...
..\user\i2c.h(45): warning:  #1-D: last line of file ends without a newline
compiling mpu6050.c...
..\user\i2c.h(45): warning:  #1-D: last line of file ends without a newline
compiling hmc5338l.c...
..\user\i2c.h(45): warning:  #1-D: last line of file ends without a newline
..\user\hmc5338l.c(20): warning:  #175-D: subscript out of range
linking...
Program Size: Code=15348 RO-data=27044 RW-data=84 ZI-data=1028  
FromELF: creating hex file...
".\obj\Test.axf" - 0 Error(s), 6 Warning(s).
Load "C:\\Users\\dsh\\Desktop\\megantic sensor\\Project\\obj\\Test.AXF" 
* JLink Info: Device "STM32F103ZE" selected (512 KB flash, 64 KB RAM).
Set JLink Project File to "C:\Users\dsh\Desktop\megantic sensor\Project\JLinkSettings.ini"
 
JLink info:
------------
DLL: V4.36l, compiled Dec  2 2011 18:52:36
Firmware: J-Link ARM V8 compiled Nov 14 2012 22:34:52
Hardware: V8.00
S/N : 20090626 
Feature(s) : RDI,FlashDL,FlashBP,JFlash,GDBFull 
 
* JLink Info: Found SWD-DP with ID 0x1BA01477
* JLink Info: TPIU fitted.
* JLink Info: ETM fitted.
* JLink Info:   FPUnit: 6 code (BP) slots and 2 literal slots
* JLink Info: Found Cortex-M3 r1p1, Little endian.
ROMTableAddr = 0xE00FF003
* JLink Info: Found SWD-DP with ID 0x1BA01477
* JLink Info: TPIU fitted.
* JLink Info: ETM fitted.
* JLink Info:   FPUnit: 6 code (BP) slots and 2 literal slots
* JLink Info: Found Cortex-M3 r1p1, Little endian.
 
Target info:
------------
Device: STM32F103ZE
VTarget = 3.280V
State of Pins: 
TCK: 0, TDI: 1, TDO: 1, TMS: 1, TRES: 1, TRST: 1
Hardware-Breakpoints: 6
Software-Breakpoints: 8192
Watchpoints:          4
JTAG speed: 4000 kHz
 
Erase Done.
Programming Done.
Verify OK.
* JLink Info: Found SWD-DP with ID 0x1BA01477
* JLink Info: TPIU fitted.
* JLink Info: ETM fitted.
* JLink Info:   FPUnit: 6 code (BP) slots and 2 literal slots
* JLink Info: Found Cortex-M3 r1p1, Little endian.
Application running ...
Rebuild target 'Test'
compiling core_cm3.c...
assembling startup_stm32f10x_hd.s...
compiling system_stm32f10x.c...
compiling stm32f10x_dma.c...
compiling misc.c...
compiling stm32f10x_rcc.c...
compiling stm32f10x_gpio.c...
compiling stm32f10x_usart.c...
compiling stm32f10x_i2c.c...
compiling stm32f10x_fsmc.c...
compiling delay.c...
compiling lcd.c...
..\user\lcd.c(197): warning:  #223-D: function "abs" declared implicitly
compiling main.c...
..\user\i2c.h(45): warning:  #1-D: last line of file ends without a newline
compiling nvic.c...
compiling stm32f10x_it.c...
compiling usart.c...
compiling i2c.c...
..\user\i2c.h(45): warning:  #1-D: last line of file ends without a newline
compiling mpu6050.c...
..\user\i2c.h(45): warning:  #1-D: last line of file ends without a newline
compiling hmc5338l.c...
..\user\i2c.h(45): warning:  #1-D: last line of file ends without a newline
..\user\hmc5338l.c(20): warning:  #175-D: subscript out of range
linking...
Program Size: Code=15356 RO-data=27044 RW-data=84 ZI-data=1028  
FromELF: creating hex file...
".\obj\Test.axf" - 0 Error(s), 6 Warning(s).
Load "C:\\Users\\dsh\\Desktop\\megantic sensor\\Project\\obj\\Test.AXF" 
* JLink Info: Device "STM32F103ZE" selected (512 KB flash, 64 KB RAM).
Set JLink Project File to "C:\Users\dsh\Desktop\megantic sensor\Project\JLinkSettings.ini"
 
JLink info:
------------
DLL: V4.36l, compiled Dec  2 2011 18:52:36
Firmware: J-Link ARM V8 compiled Nov 14 2012 22:34:52
Hardware: V8.00
S/N : 20090626 
Feature(s) : RDI,FlashDL,FlashBP,JFlash,GDBFull 
 
* JLink Info: Found SWD-DP with ID 0x1BA01477
* JLink Info: TPIU fitted.
* JLink Info: ETM fitted.
* JLink Info:   FPUnit: 6 code (BP) slots and 2 literal slots
* JLink Info: Found Cortex-M3 r1p1, Little endian.
ROMTableAddr = 0xE00FF003
* JLink Info: Found SWD-DP with ID 0x1BA01477
* JLink Info: TPIU fitted.
* JLink Info: ETM fitted.
* JLink Info:   FPUnit: 6 code (BP) slots and 2 literal slots
* JLink Info: Found Cortex-M3 r1p1, Little endian.
 
Target info:
------------
Device: STM32F103ZE
VTarget = 3.274V
State of Pins: 
TCK: 0, TDI: 1, TDO: 1, TMS: 1, TRES: 1, TRST: 1
Hardware-Breakpoints: 6
Software-Breakpoints: 8192
Watchpoints:          4
JTAG speed: 4000 kHz
 
Erase Done.
Programming Done.
Verify OK.
* JLink Info: Found SWD-DP with ID 0x1BA01477
* JLink Info: TPIU fitted.
* JLink Info: ETM fitted.
* JLink Info:   FPUnit: 6 code (BP) slots and 2 literal slots
* JLink Info: Found Cortex-M3 r1p1, Little endian.
Application running ...
Rebuild target 'Test'
compiling core_cm3.c...
assembling startup_stm32f10x_hd.s...
compiling system_stm32f10x.c...
compiling stm32f10x_dma.c...
compiling misc.c...
compiling stm32f10x_rcc.c...
compiling stm32f10x_gpio.c...
compiling stm32f10x_usart.c...
compiling stm32f10x_i2c.c...
compiling stm32f10x_fsmc.c...
compiling delay.c...
compiling lcd.c...
..\user\lcd.c(197): warning:  #223-D: function "abs" declared implicitly
compiling main.c...
..\user\i2c.h(45): warning:  #1-D: last line of file ends without a newline
compiling nvic.c...
compiling stm32f10x_it.c...
compiling usart.c...
compiling i2c.c...
..\user\i2c.h(45): warning:  #1-D: last line of file ends without a newline
compiling mpu6050.c...
..\user\i2c.h(45): warning:  #1-D: last line of file ends without a newline
compiling hmc5338l.c...
..\user\i2c.h(45): warning:  #1-D: last line of file ends without a newline
..\user\hmc5338l.c(20): warning:  #175-D: subscript out of range
linking...
Program Size: Code=15352 RO-data=27040 RW-data=84 ZI-data=1028  
FromELF: creating hex file...
".\obj\Test.axf" - 0 Error(s), 6 Warning(s).
Load "C:\\Users\\dsh\\Desktop\\megantic sensor\\Project\\obj\\Test.AXF" 
* JLink Info: Device "STM32F103ZE" selected (512 KB flash, 64 KB RAM).
Set JLink Project File to "C:\Users\dsh\Desktop\megantic sensor\Project\JLinkSettings.ini"
 
JLink info:
------------
DLL: V4.36l, compiled Dec  2 2011 18:52:36
Firmware: J-Link ARM V8 compiled Nov 14 2012 22:34:52
Hardware: V8.00
S/N : 20090626 
Feature(s) : RDI,FlashDL,FlashBP,JFlash,GDBFull 
 
* JLink Info: Found SWD-DP with ID 0x1BA01477
* JLink Info: TPIU fitted.
* JLink Info: ETM fitted.
* JLink Info:   FPUnit: 6 code (BP) slots and 2 literal slots
* JLink Info: Found Cortex-M3 r1p1, Little endian.
ROMTableAddr = 0xE00FF003
* JLink Info: Found SWD-DP with ID 0x1BA01477
* JLink Info: TPIU fitted.
* JLink Info: ETM fitted.
* JLink Info:   FPUnit: 6 code (BP) slots and 2 literal slots
* JLink Info: Found Cortex-M3 r1p1, Little endian.
 
Target info:
------------
Device: STM32F103ZE
VTarget = 3.280V
State of Pins: 
TCK: 0, TDI: 1, TDO: 1, TMS: 1, TRES: 1, TRST: 1
Hardware-Breakpoints: 6
Software-Breakpoints: 8192
Watchpoints:          4
JTAG speed: 4000 kHz
 
Erase Done.
Programming Done.
Verify OK.
* JLink Info: Found SWD-DP with ID 0x1BA01477
* JLink Info: TPIU fitted.
* JLink Info: ETM fitted.
* JLink Info:   FPUnit: 6 code (BP) slots and 2 literal slots
* JLink Info: Found Cortex-M3 r1p1, Little endian.
Application running ...
Build target 'Test'
compiling hmc5338l.c...
..\user\i2c.h(45): warning:  #1-D: last line of file ends without a newline
..\user\hmc5338l.c(20): warning:  #175-D: subscript out of range
linking...
Program Size: Code=15352 RO-data=27040 RW-data=84 ZI-data=1028  
FromELF: creating hex file...
".\obj\Test.axf" - 0 Error(s), 2 Warning(s).
Build target 'Test'
compiling hmc5338l.c...
..\user\i2c.h(45): warning:  #1-D: last line of file ends without a newline
linking...
Program Size: Code=15352 RO-data=27040 RW-data=84 ZI-data=1028  
FromELF: creating hex file...
".\obj\Test.axf" - 0 Error(s), 1 Warning(s).
Load "C:\\Users\\dsh\\Desktop\\megantic sensor\\Project\\obj\\Test.AXF" 
* JLink Info: Device "STM32F103ZE" selected (512 KB flash, 64 KB RAM).
Set JLink Project File to "C:\Users\dsh\Desktop\megantic sensor\Project\JLinkSettings.ini"
 
JLink info:
------------
DLL: V4.36l, compiled Dec  2 2011 18:52:36
Firmware: J-Link ARM V8 compiled Nov 14 2012 22:34:52
Hardware: V8.00
S/N : 20090626 
Feature(s) : RDI,FlashDL,FlashBP,JFlash,GDBFull 
 
* JLink Info: Found SWD-DP with ID 0x1BA01477
* JLink Info: TPIU fitted.
* JLink Info: ETM fitted.
* JLink Info:   FPUnit: 6 code (BP) slots and 2 literal slots
* JLink Info: Found Cortex-M3 r1p1, Little endian.
ROMTableAddr = 0xE00FF003
* JLink Info: Found SWD-DP with ID 0x1BA01477
* JLink Info: TPIU fitted.
* JLink Info: ETM fitted.
* JLink Info:   FPUnit: 6 code (BP) slots and 2 literal slots
* JLink Info: Found Cortex-M3 r1p1, Little endian.
 
Target info:
------------
Device: STM32F103ZE
VTarget = 3.274V
State of Pins: 
TCK: 0, TDI: 1, TDO: 1, TMS: 1, TRES: 1, TRST: 1
Hardware-Breakpoints: 6
Software-Breakpoints: 8192
Watchpoints:          4
JTAG speed: 4000 kHz
 
Erase Done.
Programming Done.
Verify OK.
* JLink Info: Found SWD-DP with ID 0x1BA01477
* JLink Info: TPIU fitted.
* JLink Info: ETM fitted.
* JLink Info:   FPUnit: 6 code (BP) slots and 2 literal slots
* JLink Info: Found Cortex-M3 r1p1, Little endian.
Application running ...
Rebuild target 'Test'
compiling core_cm3.c...
assembling startup_stm32f10x_hd.s...
compiling system_stm32f10x.c...
compiling stm32f10x_dma.c...
compiling misc.c...
compiling stm32f10x_rcc.c...
compiling stm32f10x_gpio.c...
compiling stm32f10x_usart.c...
compiling stm32f10x_i2c.c...
compiling stm32f10x_fsmc.c...
compiling delay.c...
compiling lcd.c...
..\user\lcd.c(197): warning:  #223-D: function "abs" declared implicitly
compiling main.c...
..\user\i2c.h(37): error:  #130: expected a "{"
..\user\i2c.h(45): warning:  #1-D: last line of file ends without a newline
..\user\hmc5338l.h(26): warning:  #12-D: parsing restarts here after previous syntax error
..\user\hmc5338l.h(30): warning:  #940-D: missing return statement at end of non-void function "I2C_ReadByte"
..\user\hmc5338l.h(27): warning:  #177-D: variable "megaX" was declared but never referenced
..\user\hmc5338l.h(28): warning:  #177-D: variable "megaY" was declared but never referenced
..\user\hmc5338l.h(29): warning:  #177-D: variable "megaZ" was declared but never referenced
..\user\hmc5338l.h(30): error:  #77-D: this declaration has no storage class or type specifier
..\user\hmc5338l.h(37): error:  #757: variable "MegaTypeDef" is not a type name
..\user\main.c(13): error:  #757: variable "MegaTypeDef" is not a type name
..\user\main.c(25): warning:  #223-D: function "Delay_Init" declared implicitly
..\user\main.c(27): warning:  #223-D: function "LCD_Init" declared implicitly
..\user\main.c(32): warning:  #223-D: function "USART1_Init" declared implicitly
..\user\main.c(35): warning:  #223-D: function "MPU6050_Inital" declared implicitly
..\user\main.c(41): warning:  #223-D: function "Draw_Circle" declared implicitly
..\user\main.c(50): warning:  #223-D: function "Delay_ms" declared implicitly
..\user\main.c(58): warning:  #223-D: function "LCD_DrawLine" declared implicitly
..\user\main.c(72): warning:  #223-D: function "getTemperature" declared implicitly
..\user\main.c(73): warning:  #223-D: function "getAccX" declared implicitly
..\user\main.c(74): warning:  #223-D: function "getAccY" declared implicitly
..\user\main.c(75): warning:  #223-D: function "getAccZ" declared implicitly
..\user\main.c(76): warning:  #223-D: function "getGyroX" declared implicitly
..\user\main.c(77): warning:  #223-D: function "getGyroY" declared implicitly
..\user\main.c(78): warning:  #223-D: function "getGyroZ" declared implicitly
compiling nvic.c...
compiling stm32f10x_it.c...
compiling usart.c...
compiling i2c.c...
..\user\i2c.h(37): error:  #130: expected a "{"
..\user\i2c.h(45): warning:  #1-D: last line of file ends without a newline
D:\Program Files\keil\ARM\RV31\Inc\stdio.h(311): error:  #20: identifier "size_t" is undefined
D:\Program Files\keil\ARM\RV31\Inc\stdio.h(394): error:  #20: identifier "size_t" is undefined
D:\Program Files\keil\ARM\RV31\Inc\stdio.h(415): error:  #20: identifier "size_t" is undefined
D:\Program Files\keil\ARM\RV31\Inc\stdio.h(505): error:  #20: identifier "__va_list" is undefined
D:\Program Files\keil\ARM\RV31\Inc\stdio.h(506): error:  #20: identifier "__va_list" is undefined
D:\Program Files\keil\ARM\RV31\Inc\stdio.h(507): error:  #20: identifier "__va_list" is undefined
D:\Program Files\keil\ARM\RV31\Inc\stdio.h(509): error:  #20: identifier "__va_list" is undefined
D:\Program Files\keil\ARM\RV31\Inc\stdio.h(510): error:  #20: identifier "__va_list" is undefined
D:\Program Files\keil\ARM\RV31\Inc\stdio.h(511): error:  #20: identifier "__va_list" is undefined
D:\Program Files\keil\ARM\RV31\Inc\stdio.h(513): error:  #20: identifier "__va_list" is undefined
D:\Program Files\keil\ARM\RV31\Inc\stdio.h(521): error:  #20: identifier "__va_list" is undefined
D:\Program Files\keil\ARM\RV31\Inc\stdio.h(528): error:  #20: identifier "__va_list" is undefined
D:\Program Files\keil\ARM\RV31\Inc\stdio.h(538): error:  #20: identifier "__va_list" is undefined
D:\Program Files\keil\ARM\RV31\Inc\stdio.h(548): error:  #20: identifier "size_t" is undefined
D:\Program Files\keil\ARM\RV31\Inc\stdio.h(549): error:  #20: identifier "__va_list" is undefined
D:\Program Files\keil\ARM\RV31\Inc\stdio.h(561): error:  #20: identifier "__va_list" is undefined
D:\Program Files\keil\ARM\RV31\Inc\stdio.h(568): error:  #20: identifier "__va_list" is undefined
D:\Program Files\keil\ARM\RV31\Inc\stdio.h(574): error:  #20: identifier "size_t" is undefined
D:\Program Files\keil\ARM\RV31\Inc\stdio.h(575): error:  #20: identifier "__va_list" is undefined
D:\Program Files\keil\ARM\RV31\Inc\stdio.h(710): error:  #20: identifier "size_t" is undefined
D:\Program Files\keil\ARM\RV31\Inc\stdio.h(711): error:  #20: identifier "size_t" is undefined
D:\Program Files\keil\ARM\RV31\Inc\stdio.h(711): error:  #20: identifier "size_t" is undefined
D:\Program Files\keil\ARM\RV31\Inc\stdio.h(726): error:  #20: identifier "size_t" is undefined
D:\Program Files\keil\ARM\RV31\Inc\stdio.h(727): error:  #20: identifier "size_t" is undefined
D:\Program Files\keil\ARM\RV31\Inc\stdio.h(742): error:  #20: identifier "size_t" is undefined
D:\Program Files\keil\ARM\RV31\Inc\stdio.h(743): error:  #20: identifier "size_t" is undefined
D:\Program Files\keil\ARM\RV31\Inc\stdio.h(743): error:  #20: identifier "size_t" is undefined
D:\Program Files\keil\ARM\RV31\Inc\stdio.h(754): error:  #757: variable "fpos_t" is not a type name
D:\Program Files\keil\ARM\RV31\Inc\stdio.h(782): error:  #757: variable "fpos_t" is not a type name
compiling mpu6050.c...
..\user\i2c.h(37): error:  #130: expected a "{"
..\user\i2c.h(45): warning:  #1-D: last line of file ends without a newline
D:\Program Files\keil\ARM\RV31\Inc\stdio.h(311): error:  #20: identifier "size_t" is undefined
D:\Program Files\keil\ARM\RV31\Inc\stdio.h(394): error:  #20: identifier "size_t" is undefined
D:\Program Files\keil\ARM\RV31\Inc\stdio.h(415): error:  #20: identifier "size_t" is undefined
D:\Program Files\keil\ARM\RV31\Inc\stdio.h(505): error:  #20: identifier "__va_list" is undefined
D:\Program Files\keil\ARM\RV31\Inc\stdio.h(506): error:  #20: identifier "__va_list" is undefined
D:\Program Files\keil\ARM\RV31\Inc\stdio.h(507): error:  #20: identifier "__va_list" is undefined
D:\Program Files\keil\ARM\RV31\Inc\stdio.h(509): error:  #20: identifier "__va_list" is undefined
D:\Program Files\keil\ARM\RV31\Inc\stdio.h(510): error:  #20: identifier "__va_list" is undefined
D:\Program Files\keil\ARM\RV31\Inc\stdio.h(511): error:  #20: identifier "__va_list" is undefined
D:\Program Files\keil\ARM\RV31\Inc\stdio.h(513): error:  #20: identifier "__va_list" is undefined
D:\Program Files\keil\ARM\RV31\Inc\stdio.h(521): error:  #20: identifier "__va_list" is undefined
D:\Program Files\keil\ARM\RV31\Inc\stdio.h(528): error:  #20: identifier "__va_list" is undefined
D:\Program Files\keil\ARM\RV31\Inc\stdio.h(538): error:  #20: identifier "__va_list" is undefined
D:\Program Files\keil\ARM\RV31\Inc\stdio.h(548): error:  #20: identifier "size_t" is undefined
D:\Program Files\keil\ARM\RV31\Inc\stdio.h(549): error:  #20: identifier "__va_list" is undefined
D:\Program Files\keil\ARM\RV31\Inc\stdio.h(561): error:  #20: identifier "__va_list" is undefined
D:\Program Files\keil\ARM\RV31\Inc\stdio.h(568): error:  #20: identifier "__va_list" is undefined
D:\Program Files\keil\ARM\RV31\Inc\stdio.h(574): error:  #20: identifier "size_t" is undefined
D:\Program Files\keil\ARM\RV31\Inc\stdio.h(575): error:  #20: identifier "__va_list" is undefined
D:\Program Files\keil\ARM\RV31\Inc\stdio.h(710): error:  #20: identifier "size_t" is undefined
D:\Program Files\keil\ARM\RV31\Inc\stdio.h(711): error:  #20: identifier "size_t" is undefined
D:\Program Files\keil\ARM\RV31\Inc\stdio.h(711): error:  #20: identifier "size_t" is undefined
D:\Program Files\keil\ARM\RV31\Inc\stdio.h(726): error:  #20: identifier "size_t" is undefined
D:\Program Files\keil\ARM\RV31\Inc\stdio.h(727): error:  #20: identifier "size_t" is undefined
D:\Program Files\keil\ARM\RV31\Inc\stdio.h(742): error:  #20: identifier "size_t" is undefined
D:\Program Files\keil\ARM\RV31\Inc\stdio.h(743): error:  #20: identifier "size_t" is undefined
D:\Program Files\keil\ARM\RV31\Inc\stdio.h(743): error:  #20: identifier "size_t" is undefined
D:\Program Files\keil\ARM\RV31\Inc\stdio.h(754): error:  #757: variable "fpos_t" is not a type name
D:\Program Files\keil\ARM\RV31\Inc\stdio.h(782): error:  #757: variable "fpos_t" is not a type name
compiling hmc5338l.c...
..\user\i2c.h(37): error:  #130: expected a "{"
..\user\i2c.h(45): warning:  #1-D: last line of file ends without a newline
D:\Program Files\keil\ARM\RV31\Inc\stdio.h(311): error:  #20: identifier "size_t" is undefined
D:\Program Files\keil\ARM\RV31\Inc\stdio.h(394): error:  #20: identifier "size_t" is undefined
D:\Program Files\keil\ARM\RV31\Inc\stdio.h(415): error:  #20: identifier "size_t" is undefined
D:\Program Files\keil\ARM\RV31\Inc\stdio.h(505): error:  #20: identifier "__va_list" is undefined
D:\Program Files\keil\ARM\RV31\Inc\stdio.h(506): error:  #20: identifier "__va_list" is undefined
D:\Program Files\keil\ARM\RV31\Inc\stdio.h(507): error:  #20: identifier "__va_list" is undefined
D:\Program Files\keil\ARM\RV31\Inc\stdio.h(509): error:  #20: identifier "__va_list" is undefined
D:\Program Files\keil\ARM\RV31\Inc\stdio.h(510): error:  #20: identifier "__va_list" is undefined
D:\Program Files\keil\ARM\RV31\Inc\stdio.h(511): error:  #20: identifier "__va_list" is undefined
D:\Program Files\keil\ARM\RV31\Inc\stdio.h(513): error:  #20: identifier "__va_list" is undefined
D:\Program Files\keil\ARM\RV31\Inc\stdio.h(521): error:  #20: identifier "__va_list" is undefined
D:\Program Files\keil\ARM\RV31\Inc\stdio.h(528): error:  #20: identifier "__va_list" is undefined
D:\Program Files\keil\ARM\RV31\Inc\stdio.h(538): error:  #20: identifier "__va_list" is undefined
D:\Program Files\keil\ARM\RV31\Inc\stdio.h(548): error:  #20: identifier "size_t" is undefined
D:\Program Files\keil\ARM\RV31\Inc\stdio.h(549): error:  #20: identifier "__va_list" is undefined
D:\Program Files\keil\ARM\RV31\Inc\stdio.h(561): error:  #20: identifier "__va_list" is undefined
D:\Program Files\keil\ARM\RV31\Inc\stdio.h(568): error:  #20: identifier "__va_list" is undefined
D:\Program Files\keil\ARM\RV31\Inc\stdio.h(574): error:  #20: identifier "size_t" is undefined
D:\Program Files\keil\ARM\RV31\Inc\stdio.h(575): error:  #20: identifier "__va_list" is undefined
D:\Program Files\keil\ARM\RV31\Inc\stdio.h(710): error:  #20: identifier "size_t" is undefined
D:\Program Files\keil\ARM\RV31\Inc\stdio.h(711): error:  #20: identifier "size_t" is undefined
D:\Program Files\keil\ARM\RV31\Inc\stdio.h(711): error:  #20: identifier "size_t" is undefined
D:\Program Files\keil\ARM\RV31\Inc\stdio.h(726): error:  #20: identifier "size_t" is undefined
D:\Program Files\keil\ARM\RV31\Inc\stdio.h(727): error:  #20: identifier "size_t" is undefined
D:\Program Files\keil\ARM\RV31\Inc\stdio.h(742): error:  #20: identifier "size_t" is undefined
D:\Program Files\keil\ARM\RV31\Inc\stdio.h(743): error:  #20: identifier "size_t" is undefined
D:\Program Files\keil\ARM\RV31\Inc\stdio.h(743): error:  #20: identifier "size_t" is undefined
D:\Program Files\keil\ARM\RV31\Inc\stdio.h(754): error:  #757: variable "fpos_t" is not a type name
D:\Program Files\keil\ARM\RV31\Inc\stdio.h(782): error:  #757: variable "fpos_t" is not a type name
Target not created
Rebuild target 'Test'
compiling core_cm3.c...
assembling startup_stm32f10x_hd.s...
compiling system_stm32f10x.c...
compiling stm32f10x_dma.c...
compiling misc.c...
compiling stm32f10x_rcc.c...
compiling stm32f10x_gpio.c...
compiling stm32f10x_usart.c...
compiling stm32f10x_i2c.c...
compiling stm32f10x_fsmc.c...
compiling delay.c...
compiling lcd.c...
..\user\lcd.c(197): warning:  #223-D: function "abs" declared implicitly
compiling main.c...
..\user\i2c.h(45): warning:  #1-D: last line of file ends without a newline
compiling nvic.c...
compiling stm32f10x_it.c...
compiling usart.c...
compiling i2c.c...
..\user\i2c.h(45): warning:  #1-D: last line of file ends without a newline
compiling mpu6050.c...
..\user\i2c.h(45): warning:  #1-D: last line of file ends without a newline
compiling hmc5338l.c...
..\user\i2c.h(45): warning:  #1-D: last line of file ends without a newline
linking...
Program Size: Code=15352 RO-data=27040 RW-data=84 ZI-data=1028  
FromELF: creating hex file...
".\obj\Test.axf" - 0 Error(s), 5 Warning(s).
Load "C:\\Users\\dsh\\Desktop\\megantic sensor\\Project\\obj\\Test.AXF" 
* JLink Info: Device "STM32F103ZE" selected (512 KB flash, 64 KB RAM).
Set JLink Project File to "C:\Users\dsh\Desktop\megantic sensor\Project\JLinkSettings.ini"
 
JLink info:
------------
DLL: V4.36l, compiled Dec  2 2011 18:52:36
Firmware: J-Link ARM V8 compiled Nov 14 2012 22:34:52
Hardware: V8.00
S/N : 20090626 
Feature(s) : RDI,FlashDL,FlashBP,JFlash,GDBFull 
 
* JLink Info: Found SWD-DP with ID 0x1BA01477
* JLink Info: TPIU fitted.
* JLink Info: ETM fitted.
* JLink Info:   FPUnit: 6 code (BP) slots and 2 literal slots
* JLink Info: Found Cortex-M3 r1p1, Little endian.
ROMTableAddr = 0xE00FF003
* JLink Info: Found SWD-DP with ID 0x1BA01477
* JLink Info: TPIU fitted.
* JLink Info: ETM fitted.
* JLink Info:   FPUnit: 6 code (BP) slots and 2 literal slots
* JLink Info: Found Cortex-M3 r1p1, Little endian.
 
Target info:
------------
Device: STM32F103ZE
VTarget = 3.274V
State of Pins: 
TCK: 0, TDI: 1, TDO: 1, TMS: 1, TRES: 1, TRST: 1
Hardware-Breakpoints: 6
Software-Breakpoints: 8192
Watchpoints:          4
JTAG speed: 4000 kHz
 
Erase Done.
Programming Done.
Verify OK.
* JLink Info: Found SWD-DP with ID 0x1BA01477
* JLink Info: TPIU fitted.
* JLink Info: ETM fitted.
* JLink Info:   FPUnit: 6 code (BP) slots and 2 literal slots
* JLink Info: Found Cortex-M3 r1p1, Little endian.
Application running ...
Build target 'Test'
compiling mpu6050.c...
..\user\i2c.h(45): warning:  #1-D: last line of file ends without a newline
..\user\mpu6050.c(42): error:  #147-D: declaration is incompatible with "short getAccX(void)" (declared at line 100 of "..\user\mpu6050.h")
..\user\mpu6050.c(55): error:  #147-D: declaration is incompatible with "short getAccY(void)" (declared at line 101 of "..\user\mpu6050.h")
..\user\mpu6050.c(68): error:  #147-D: declaration is incompatible with "short getAccZ(void)" (declared at line 102 of "..\user\mpu6050.h")
..\user\mpu6050.c(81): error:  #147-D: declaration is incompatible with "short getGyroX(void)" (declared at line 105 of "..\user\mpu6050.h")
..\user\mpu6050.c(94): error:  #147-D: declaration is incompatible with "short getGyroY(void)" (declared at line 106 of "..\user\mpu6050.h")
..\user\mpu6050.c(107): error:  #147-D: declaration is incompatible with "short getGyroZ(void)" (declared at line 107 of "..\user\mpu6050.h")
..\user\mpu6050.c(120): error:  #147-D: declaration is incompatible with "short getTemperature(void)" (declared at line 110 of "..\user\mpu6050.h")
Target not created
Rebuild target 'Test'
compiling core_cm3.c...
assembling startup_stm32f10x_hd.s...
compiling system_stm32f10x.c...
compiling stm32f10x_dma.c...
compiling misc.c...
compiling stm32f10x_rcc.c...
compiling stm32f10x_gpio.c...
compiling stm32f10x_usart.c...
compiling stm32f10x_i2c.c...
compiling stm32f10x_fsmc.c...
compiling delay.c...
compiling lcd.c...
..\user\lcd.c(197): warning:  #223-D: function "abs" declared implicitly
compiling main.c...
..\user\i2c.h(45): warning:  #1-D: last line of file ends without a newline
compiling nvic.c...
compiling stm32f10x_it.c...
compiling usart.c...
compiling i2c.c...
..\user\i2c.h(45): warning:  #1-D: last line of file ends without a newline
compiling mpu6050.c...
..\user\mpu6050.h(100): error:  #20: identifier "uint16_t" is undefined
..\user\mpu6050.h(101): error:  #20: identifier "uint16_t" is undefined
..\user\mpu6050.h(102): error:  #20: identifier "uint16_t" is undefined
..\user\mpu6050.h(105): error:  #20: identifier "uint16_t" is undefined
..\user\mpu6050.h(106): error:  #20: identifier "uint16_t" is undefined
..\user\mpu6050.h(107): error:  #20: identifier "uint16_t" is undefined
..\user\mpu6050.h(110): error:  #20: identifier "uint16_t" is undefined
..\user\i2c.h(45): warning:  #1-D: last line of file ends without a newline
compiling hmc5338l.c...
..\user\i2c.h(45): warning:  #1-D: last line of file ends without a newline
Target not created
Build target 'Test'
compiling main.c...
..\user\i2c.h(45): warning:  #1-D: last line of file ends without a newline
compiling mpu6050.c...
..\user\i2c.h(45): warning:  #1-D: last line of file ends without a newline
linking...
Program Size: Code=15336 RO-data=27040 RW-data=84 ZI-data=1028  
FromELF: creating hex file...
".\obj\Test.axf" - 0 Error(s), 2 Warning(s).
Rebuild target 'Test'
compiling core_cm3.c...
assembling startup_stm32f10x_hd.s...
compiling system_stm32f10x.c...
compiling stm32f10x_dma.c...
compiling misc.c...
compiling stm32f10x_rcc.c...
compiling stm32f10x_gpio.c...
compiling stm32f10x_usart.c...
compiling stm32f10x_i2c.c...
compiling stm32f10x_fsmc.c...
compiling delay.c...
compiling lcd.c...
..\user\lcd.c(197): warning:  #223-D: function "abs" declared implicitly
compiling main.c...
..\user\i2c.h(45): warning:  #1-D: last line of file ends without a newline
compiling nvic.c...
compiling stm32f10x_it.c...
compiling usart.c...
compiling i2c.c...
..\user\i2c.h(45): warning:  #1-D: last line of file ends without a newline
compiling mpu6050.c...
..\user\i2c.h(45): warning:  #1-D: last line of file ends without a newline
compiling hmc5338l.c...
..\user\i2c.h(45): warning:  #1-D: last line of file ends without a newline
linking...
Program Size: Code=15336 RO-data=27040 RW-data=84 ZI-data=1028  
FromELF: creating hex file...
".\obj\Test.axf" - 0 Error(s), 5 Warning(s).
Load "C:\\Users\\dsh\\Desktop\\megantic sensor\\Project\\obj\\Test.AXF" 
* JLink Info: Device "STM32F103ZE" selected (512 KB flash, 64 KB RAM).
Set JLink Project File to "C:\Users\dsh\Desktop\megantic sensor\Project\JLinkSettings.ini"
 
JLink info:
------------
DLL: V4.36l, compiled Dec  2 2011 18:52:36
Firmware: J-Link ARM V8 compiled Nov 14 2012 22:34:52
Hardware: V8.00
S/N : 20090626 
Feature(s) : RDI,FlashDL,FlashBP,JFlash,GDBFull 
 
* JLink Info: Found SWD-DP with ID 0x1BA01477
* JLink Info: TPIU fitted.
* JLink Info: ETM fitted.
* JLink Info:   FPUnit: 6 code (BP) slots and 2 literal slots
* JLink Info: Found Cortex-M3 r1p1, Little endian.
ROMTableAddr = 0xE00FF003
* JLink Info: Found SWD-DP with ID 0x1BA01477
* JLink Info: TPIU fitted.
* JLink Info: ETM fitted.
* JLink Info:   FPUnit: 6 code (BP) slots and 2 literal slots
* JLink Info: Found Cortex-M3 r1p1, Little endian.
 
Target info:
------------
Device: STM32F103ZE
VTarget = 3.280V
State of Pins: 
TCK: 0, TDI: 1, TDO: 1, TMS: 1, TRES: 1, TRST: 1
Hardware-Breakpoints: 6
Software-Breakpoints: 8192
Watchpoints:          4
JTAG speed: 4000 kHz
 
Erase Done.
Programming Done.
Verify OK.
* JLink Info: Found SWD-DP with ID 0x1BA01477
* JLink Info: TPIU fitted.
* JLink Info: ETM fitted.
* JLink Info:   FPUnit: 6 code (BP) slots and 2 literal slots
* JLink Info: Found Cortex-M3 r1p1, Little endian.
Application running ...
Rebuild target 'Test'
compiling core_cm3.c...
assembling startup_stm32f10x_hd.s...
compiling system_stm32f10x.c...
compiling stm32f10x_dma.c...
compiling misc.c...
compiling stm32f10x_rcc.c...
compiling stm32f10x_gpio.c...
compiling stm32f10x_usart.c...
compiling stm32f10x_i2c.c...
compiling stm32f10x_fsmc.c...
compiling delay.c...
compiling lcd.c...
..\user\lcd.c(197): warning:  #223-D: function "abs" declared implicitly
compiling main.c...
..\user\i2c.h(45): warning:  #1-D: last line of file ends without a newline
compiling nvic.c...
compiling stm32f10x_it.c...
compiling usart.c...
compiling i2c.c...
..\user\i2c.h(45): warning:  #1-D: last line of file ends without a newline
compiling mpu6050.c...
..\user\i2c.h(45): warning:  #1-D: last line of file ends without a newline
compiling hmc5338l.c...
..\user\i2c.h(45): warning:  #1-D: last line of file ends without a newline
linking...
Program Size: Code=15356 RO-data=27044 RW-data=84 ZI-data=1028  
FromELF: creating hex file...
".\obj\Test.axf" - 0 Error(s), 5 Warning(s).
Load "C:\\Users\\dsh\\Desktop\\megantic sensor\\Project\\obj\\Test.AXF" 
* JLink Info: Device "STM32F103ZE" selected (512 KB flash, 64 KB RAM).
Set JLink Project File to "C:\Users\dsh\Desktop\megantic sensor\Project\JLinkSettings.ini"
 
JLink info:
------------
DLL: V4.36l, compiled Dec  2 2011 18:52:36
Firmware: J-Link ARM V8 compiled Nov 14 2012 22:34:52
Hardware: V8.00
S/N : 20090626 
Feature(s) : RDI,FlashDL,FlashBP,JFlash,GDBFull 
 
* JLink Info: Found SWD-DP with ID 0x1BA01477
* JLink Info: TPIU fitted.
* JLink Info: ETM fitted.
* JLink Info:   FPUnit: 6 code (BP) slots and 2 literal slots
* JLink Info: Found Cortex-M3 r1p1, Little endian.
ROMTableAddr = 0xE00FF003
* JLink Info: Found SWD-DP with ID 0x1BA01477
* JLink Info: TPIU fitted.
* JLink Info: ETM fitted.
* JLink Info:   FPUnit: 6 code (BP) slots and 2 literal slots
* JLink Info: Found Cortex-M3 r1p1, Little endian.
 
Target info:
------------
Device: STM32F103ZE
VTarget = 3.274V
State of Pins: 
TCK: 0, TDI: 1, TDO: 1, TMS: 1, TRES: 1, TRST: 1
Hardware-Breakpoints: 6
Software-Breakpoints: 8192
Watchpoints:          4
JTAG speed: 4000 kHz
 
Erase Done.
Programming Done.
Verify OK.
* JLink Info: Found SWD-DP with ID 0x1BA01477
* JLink Info: TPIU fitted.
* JLink Info: ETM fitted.
* JLink Info:   FPUnit: 6 code (BP) slots and 2 literal slots
* JLink Info: Found Cortex-M3 r1p1, Little endian.
Application running ...
Rebuild target 'Test'
compiling core_cm3.c...
assembling startup_stm32f10x_hd.s...
compiling system_stm32f10x.c...
compiling stm32f10x_dma.c...
compiling misc.c...
compiling stm32f10x_rcc.c...
compiling stm32f10x_gpio.c...
compiling stm32f10x_usart.c...
compiling stm32f10x_i2c.c...
compiling stm32f10x_fsmc.c...
compiling delay.c...
compiling lcd.c...
..\user\lcd.c(197): warning:  #223-D: function "abs" declared implicitly
compiling main.c...
..\user\i2c.h(45): warning:  #1-D: last line of file ends without a newline
..\user\main.c(48): warning:  #223-D: function "_HMC5338L_ReadValue" declared implicitly
compiling nvic.c...
compiling stm32f10x_it.c...
compiling usart.c...
compiling i2c.c...
..\user\i2c.h(45): warning:  #1-D: last line of file ends without a newline
compiling mpu6050.c...
..\user\i2c.h(45): warning:  #1-D: last line of file ends without a newline
compiling hmc5338l.c...
..\user\i2c.h(45): warning:  #1-D: last line of file ends without a newline
linking...
Program Size: Code=15292 RO-data=27044 RW-data=84 ZI-data=1028  
FromELF: creating hex file...
".\obj\Test.axf" - 0 Error(s), 6 Warning(s).
Load "C:\\Users\\dsh\\Desktop\\megantic sensor\\Project\\obj\\Test.AXF" 
* JLink Info: Device "STM32F103ZE" selected (512 KB flash, 64 KB RAM).
Set JLink Project File to "C:\Users\dsh\Desktop\megantic sensor\Project\JLinkSettings.ini"
 
JLink info:
------------
DLL: V4.36l, compiled Dec  2 2011 18:52:36
Firmware: J-Link ARM V8 compiled Nov 14 2012 22:34:52
Hardware: V8.00
S/N : 20090626 
Feature(s) : RDI,FlashDL,FlashBP,JFlash,GDBFull 
 
* JLink Info: Found SWD-DP with ID 0x1BA01477
* JLink Info: TPIU fitted.
* JLink Info: ETM fitted.
* JLink Info:   FPUnit: 6 code (BP) slots and 2 literal slots
* JLink Info: Found Cortex-M3 r1p1, Little endian.
ROMTableAddr = 0xE00FF003
* JLink Info: Found SWD-DP with ID 0x1BA01477
* JLink Info: TPIU fitted.
* JLink Info: ETM fitted.
* JLink Info:   FPUnit: 6 code (BP) slots and 2 literal slots
* JLink Info: Found Cortex-M3 r1p1, Little endian.
 
Target info:
------------
Device: STM32F103ZE
VTarget = 3.274V
State of Pins: 
TCK: 0, TDI: 1, TDO: 1, TMS: 1, TRES: 1, TRST: 1
Hardware-Breakpoints: 6
Software-Breakpoints: 8192
Watchpoints:          4
JTAG speed: 4000 kHz
 
Erase Done.
Programming Done.
Verify OK.
* JLink Info: Found SWD-DP with ID 0x1BA01477
* JLink Info: TPIU fitted.
* JLink Info: ETM fitted.
* JLink Info:   FPUnit: 6 code (BP) slots and 2 literal slots
* JLink Info: Found Cortex-M3 r1p1, Little endian.
Application running ...
Build target 'Test'
compiling main.c...
..\user\i2c.h(45): warning:  #1-D: last line of file ends without a newline
compiling hmc5338l.c...
..\user\i2c.h(45): warning:  #1-D: last line of file ends without a newline
linking...
Program Size: Code=15292 RO-data=27044 RW-data=84 ZI-data=1028  
FromELF: creating hex file...
".\obj\Test.axf" - 0 Error(s), 2 Warning(s).
Rebuild target 'Test'
compiling core_cm3.c...
assembling startup_stm32f10x_hd.s...
compiling system_stm32f10x.c...
compiling stm32f10x_dma.c...
compiling misc.c...
compiling stm32f10x_rcc.c...
compiling stm32f10x_gpio.c...
compiling stm32f10x_usart.c...
compiling stm32f10x_i2c.c...
compiling stm32f10x_fsmc.c...
compiling delay.c...
compiling lcd.c...
..\user\lcd.c(197): warning:  #223-D: function "abs" declared implicitly
compiling main.c...
..\user\i2c.h(45): warning:  #1-D: last line of file ends without a newline
compiling nvic.c...
compiling stm32f10x_it.c...
compiling usart.c...
compiling i2c.c...
..\user\i2c.h(45): warning:  #1-D: last line of file ends without a newline
compiling mpu6050.c...
..\user\i2c.h(45): warning:  #1-D: last line of file ends without a newline
compiling hmc5338l.c...
..\user\i2c.h(45): warning:  #1-D: last line of file ends without a newline
linking...
Program Size: Code=15292 RO-data=27044 RW-data=84 ZI-data=1028  
FromELF: creating hex file...
".\obj\Test.axf" - 0 Error(s), 5 Warning(s).
Build target 'Test'
compiling main.c...
..\user\i2c.h(45): warning:  #1-D: last line of file ends without a newline
linking...
Program Size: Code=15288 RO-data=27040 RW-data=84 ZI-data=1028  
FromELF: creating hex file...
".\obj\Test.axf" - 0 Error(s), 1 Warning(s).
Load "C:\\Users\\dsh\\Desktop\\megantic sensor\\Project\\obj\\Test.AXF" 
* JLink Info: Device "STM32F103ZE" selected (512 KB flash, 64 KB RAM).
Set JLink Project File to "C:\Users\dsh\Desktop\megantic sensor\Project\JLinkSettings.ini"
 
JLink info:
------------
DLL: V4.36l, compiled Dec  2 2011 18:52:36
Firmware: J-Link ARM V8 compiled Nov 14 2012 22:34:52
Hardware: V8.00
S/N : 20090626 
Feature(s) : RDI,FlashDL,FlashBP,JFlash,GDBFull 
 
* JLink Info: Found SWD-DP with ID 0x1BA01477
* JLink Info: TPIU fitted.
* JLink Info: ETM fitted.
* JLink Info:   FPUnit: 6 code (BP) slots and 2 literal slots
* JLink Info: Found Cortex-M3 r1p1, Little endian.
ROMTableAddr = 0xE00FF003
* JLink Info: Found SWD-DP with ID 0x1BA01477
* JLink Info: TPIU fitted.
* JLink Info: ETM fitted.
* JLink Info:   FPUnit: 6 code (BP) slots and 2 literal slots
* JLink Info: Found Cortex-M3 r1p1, Little endian.
 
Target info:
------------
Device: STM32F103ZE
VTarget = 3.274V
State of Pins: 
TCK: 0, TDI: 1, TDO: 1, TMS: 1, TRES: 1, TRST: 1
Hardware-Breakpoints: 6
Software-Breakpoints: 8192
Watchpoints:          4
JTAG speed: 4000 kHz
 
Erase Done.
Programming Done.
Verify OK.
* JLink Info: Found SWD-DP with ID 0x1BA01477
* JLink Info: TPIU fitted.
* JLink Info: ETM fitted.
* JLink Info:   FPUnit: 6 code (BP) slots and 2 literal slots
* JLink Info: Found Cortex-M3 r1p1, Little endian.
Application running ...
Build target 'Test'
compiling main.c...
..\user\i2c.h(45): warning:  #1-D: last line of file ends without a newline
linking...
Program Size: Code=15292 RO-data=27044 RW-data=84 ZI-data=1028  
FromELF: creating hex file...
".\obj\Test.axf" - 0 Error(s), 1 Warning(s).
Load "C:\\Users\\dsh\\Desktop\\megantic sensor\\Project\\obj\\Test.AXF" 
* JLink Info: Device "STM32F103ZE" selected (512 KB flash, 64 KB RAM).
Set JLink Project File to "C:\Users\dsh\Desktop\megantic sensor\Project\JLinkSettings.ini"
 
JLink info:
------------
DLL: V4.36l, compiled Dec  2 2011 18:52:36
Firmware: J-Link ARM V8 compiled Nov 14 2012 22:34:52
Hardware: V8.00
S/N : 20090626 
Feature(s) : RDI,FlashDL,FlashBP,JFlash,GDBFull 
 
* JLink Info: Found SWD-DP with ID 0x1BA01477
* JLink Info: TPIU fitted.
* JLink Info: ETM fitted.
* JLink Info:   FPUnit: 6 code (BP) slots and 2 literal slots
* JLink Info: Found Cortex-M3 r1p1, Little endian.
ROMTableAddr = 0xE00FF003
* JLink Info: Found SWD-DP with ID 0x1BA01477
* JLink Info: TPIU fitted.
* JLink Info: ETM fitted.
* JLink Info:   FPUnit: 6 code (BP) slots and 2 literal slots
* JLink Info: Found Cortex-M3 r1p1, Little endian.
 
Target info:
------------
Device: STM32F103ZE
VTarget = 3.274V
State of Pins: 
TCK: 0, TDI: 1, TDO: 1, TMS: 1, TRES: 1, TRST: 1
Hardware-Breakpoints: 6
Software-Breakpoints: 8192
Watchpoints:          4
JTAG speed: 4000 kHz
 
Erase Done.
Programming Done.
Verify OK.
* JLink Info: Found SWD-DP with ID 0x1BA01477
* JLink Info: TPIU fitted.
* JLink Info: ETM fitted.
* JLink Info:   FPUnit: 6 code (BP) slots and 2 literal slots
* JLink Info: Found Cortex-M3 r1p1, Little endian.
Application running ...
Build target 'Test'
compiling main.c...
..\user\i2c.h(45): warning:  #1-D: last line of file ends without a newline
linking...
Program Size: Code=15292 RO-data=27044 RW-data=84 ZI-data=1028  
FromELF: creating hex file...
".\obj\Test.axf" - 0 Error(s), 1 Warning(s).
Load "C:\\Users\\dsh\\Desktop\\megantic sensor\\Project\\obj\\Test.AXF" 
* JLink Info: Device "STM32F103ZE" selected (512 KB flash, 64 KB RAM).
Set JLink Project File to "C:\Users\dsh\Desktop\megantic sensor\Project\JLinkSettings.ini"
 
JLink info:
------------
DLL: V4.36l, compiled Dec  2 2011 18:52:36
Firmware: J-Link ARM V8 compiled Nov 14 2012 22:34:52
Hardware: V8.00
S/N : 20090626 
Feature(s) : RDI,FlashDL,FlashBP,JFlash,GDBFull 
 
* JLink Info: Found SWD-DP with ID 0x1BA01477
* JLink Info: TPIU fitted.
* JLink Info: ETM fitted.
* JLink Info:   FPUnit: 6 code (BP) slots and 2 literal slots
* JLink Info: Found Cortex-M3 r1p1, Little endian.
ROMTableAddr = 0xE00FF003
* JLink Info: Found SWD-DP with ID 0x1BA01477
* JLink Info: TPIU fitted.
* JLink Info: ETM fitted.
* JLink Info:   FPUnit: 6 code (BP) slots and 2 literal slots
* JLink Info: Found Cortex-M3 r1p1, Little endian.
 
Target info:
------------
Device: STM32F103ZE
VTarget = 3.274V
State of Pins: 
TCK: 0, TDI: 1, TDO: 1, TMS: 1, TRES: 1, TRST: 1
Hardware-Breakpoints: 6
Software-Breakpoints: 8192
Watchpoints:          4
JTAG speed: 4000 kHz
 
Erase Done.
Programming Done.
Verify OK.
* JLink Info: Found SWD-DP with ID 0x1BA01477
* JLink Info: TPIU fitted.
* JLink Info: ETM fitted.
* JLink Info:   FPUnit: 6 code (BP) slots and 2 literal slots
* JLink Info: Found Cortex-M3 r1p1, Little endian.
Application running ...
Build target 'Test'
compiling hmc5338l.c...
..\user\i2c.h(45): warning:  #1-D: last line of file ends without a newline
linking...
Program Size: Code=15292 RO-data=27044 RW-data=84 ZI-data=1028  
FromELF: creating hex file...
".\obj\Test.axf" - 0 Error(s), 1 Warning(s).
Load "C:\\Users\\dsh\\Desktop\\megantic sensor\\Project\\obj\\Test.AXF" 
* JLink Info: Device "STM32F103ZE" selected (512 KB flash, 64 KB RAM).
Set JLink Project File to "C:\Users\dsh\Desktop\megantic sensor\Project\JLinkSettings.ini"
 
JLink info:
------------
DLL: V4.36l, compiled Dec  2 2011 18:52:36
Firmware: J-Link ARM V8 compiled Nov 14 2012 22:34:52
Hardware: V8.00
S/N : 20090626 
Feature(s) : RDI,FlashDL,FlashBP,JFlash,GDBFull 
 
* JLink Info: Found SWD-DP with ID 0x1BA01477
* JLink Info: TPIU fitted.
* JLink Info: ETM fitted.
* JLink Info:   FPUnit: 6 code (BP) slots and 2 literal slots
* JLink Info: Found Cortex-M3 r1p1, Little endian.
ROMTableAddr = 0xE00FF003
* JLink Info: Found SWD-DP with ID 0x1BA01477
* JLink Info: TPIU fitted.
* JLink Info: ETM fitted.
* JLink Info:   FPUnit: 6 code (BP) slots and 2 literal slots
* JLink Info: Found Cortex-M3 r1p1, Little endian.
 
Target info:
------------
Device: STM32F103ZE
VTarget = 3.274V
State of Pins: 
TCK: 0, TDI: 1, TDO: 1, TMS: 1, TRES: 1, TRST: 1
Hardware-Breakpoints: 6
Software-Breakpoints: 8192
Watchpoints:          4
JTAG speed: 4000 kHz
 
Erase Done.
Programming Done.
Verify OK.
* JLink Info: Found SWD-DP with ID 0x1BA01477
* JLink Info: TPIU fitted.
* JLink Info: ETM fitted.
* JLink Info:   FPUnit: 6 code (BP) slots and 2 literal slots
* JLink Info: Found Cortex-M3 r1p1, Little endian.
Application running ...
Build target 'Test'
compiling hmc5338l.c...
..\user\i2c.h(45): warning:  #1-D: last line of file ends without a newline
linking...
Program Size: Code=15300 RO-data=27044 RW-data=84 ZI-data=1028  
FromELF: creating hex file...
".\obj\Test.axf" - 0 Error(s), 1 Warning(s).
Load "C:\\Users\\dsh\\Desktop\\megantic sensor\\Project\\obj\\Test.AXF" 
* JLink Info: Device "STM32F103ZE" selected (512 KB flash, 64 KB RAM).
Set JLink Project File to "C:\Users\dsh\Desktop\megantic sensor\Project\JLinkSettings.ini"
 
JLink info:
------------
DLL: V4.36l, compiled Dec  2 2011 18:52:36
Firmware: J-Link ARM V8 compiled Nov 14 2012 22:34:52
Hardware: V8.00
S/N : 20090626 
Feature(s) : RDI,FlashDL,FlashBP,JFlash,GDBFull 
 
* JLink Info: Found SWD-DP with ID 0x1BA01477
* JLink Info: TPIU fitted.
* JLink Info: ETM fitted.
* JLink Info:   FPUnit: 6 code (BP) slots and 2 literal slots
* JLink Info: Found Cortex-M3 r1p1, Little endian.
ROMTableAddr = 0xE00FF003
* JLink Info: Found SWD-DP with ID 0x1BA01477
* JLink Info: TPIU fitted.
* JLink Info: ETM fitted.
* JLink Info:   FPUnit: 6 code (BP) slots and 2 literal slots
* JLink Info: Found Cortex-M3 r1p1, Little endian.
 
Target info:
------------
Device: STM32F103ZE
VTarget = 3.274V
State of Pins: 
TCK: 0, TDI: 1, TDO: 1, TMS: 1, TRES: 1, TRST: 1
Hardware-Breakpoints: 6
Software-Breakpoints: 8192
Watchpoints:          4
JTAG speed: 4000 kHz
 
Erase Done.
Programming Done.
Verify OK.
* JLink Info: Found SWD-DP with ID 0x1BA01477
* JLink Info: TPIU fitted.
* JLink Info: ETM fitted.
* JLink Info:   FPUnit: 6 code (BP) slots and 2 literal slots
* JLink Info: Found Cortex-M3 r1p1, Little endian.
Application running ...
Build target 'Test'
compiling hmc5338l.c...
..\user\i2c.h(45): warning:  #1-D: last line of file ends without a newline
linking...
Program Size: Code=15300 RO-data=27044 RW-data=84 ZI-data=1028  
FromELF: creating hex file...
".\obj\Test.axf" - 0 Error(s), 1 Warning(s).
Load "C:\\Users\\dsh\\Desktop\\megantic sensor\\Project\\obj\\Test.AXF" 
* JLink Info: Device "STM32F103ZE" selected (512 KB flash, 64 KB RAM).
Set JLink Project File to "C:\Users\dsh\Desktop\megantic sensor\Project\JLinkSettings.ini"
 
JLink info:
------------
DLL: V4.36l, compiled Dec  2 2011 18:52:36
Firmware: J-Link ARM V8 compiled Nov 14 2012 22:34:52
Hardware: V8.00
S/N : 20090626 
Feature(s) : RDI,FlashDL,FlashBP,JFlash,GDBFull 
 
* JLink Info: Found SWD-DP with ID 0x1BA01477
* JLink Info: TPIU fitted.
* JLink Info: ETM fitted.
* JLink Info:   FPUnit: 6 code (BP) slots and 2 literal slots
* JLink Info: Found Cortex-M3 r1p1, Little endian.
ROMTableAddr = 0xE00FF003
* JLink Info: Found SWD-DP with ID 0x1BA01477
* JLink Info: TPIU fitted.
* JLink Info: ETM fitted.
* JLink Info:   FPUnit: 6 code (BP) slots and 2 literal slots
* JLink Info: Found Cortex-M3 r1p1, Little endian.
 
Target info:
------------
Device: STM32F103ZE
VTarget = 3.280V
State of Pins: 
TCK: 0, TDI: 1, TDO: 1, TMS: 1, TRES: 1, TRST: 1
Hardware-Breakpoints: 6
Software-Breakpoints: 8192
Watchpoints:          4
JTAG speed: 4000 kHz
 
Erase Done.
Programming Done.
Verify OK.
* JLink Info: Found SWD-DP with ID 0x1BA01477
* JLink Info: TPIU fitted.
* JLink Info: ETM fitted.
* JLink Info:   FPUnit: 6 code (BP) slots and 2 literal slots
* JLink Info: Found Cortex-M3 r1p1, Little endian.
Application running ...
