<html>
<body>
<pre>
<h1>µVision Build Log</h1>
<h2>Project:</h2>
C:\Users\dsh\Desktop\megantic sensor\Project\Test.uvproj
Project File Date:  03/16/2014

<h2>Output:</h2>
Rebuild target 'Test'
compiling core_cm3.c...
assembling startup_stm32f10x_hd.s...
compiling system_stm32f10x.c...
compiling stm32f10x_dma.c...
compiling misc.c...
compiling stm32f10x_rcc.c...
compiling stm32f10x_gpio.c...
compiling stm32f10x_usart.c...
compiling stm32f10x_i2c.c...
compiling main.c...
compiling stm32f10x_it.c...
compiling Getline.c...
compiling Retarget.c...
compiling Serial.c...
compiling i2c_ee.c...
linking...
Program Size: Code=14024 RO-data=1756 RW-data=68 ZI-data=2164  
FromELF: creating hex file...
".\obj\Test.axf" - 0 Error(s), 0 Warning(s).
Load "C:\\Users\\dsh\\Desktop\\megantic sensor\\Project\\obj\\Test.axf" 
Set JLink Project File to "C:\Users\dsh\Desktop\megantic sensor\Project\JLinkSettings.ini"
* JLink Info: Device "STM32F103ZE" selected (512 KB flash, 64 KB RAM).
 
JLink info:
------------
DLL: V4.76e, compiled Sep 20 2013 16:06:28
Firmware: J-Link ARM V8 compiled Nov 14 2012 22:34:52
Hardware: V8.00
S/N : 20090626 
Feature(s) : RDI,FlashDL,FlashBP,JFlash,GDBFull 
 
* JLink Info: Found SWD-DP with ID 0x1BA01477
* JLink Info: Found SWD-DP with ID 0x1BA01477
* JLink Info: Found Cortex-M3 r1p1, Little endian.
* JLink Info: FPUnit: 6 code (BP) slots and 2 literal slots
* JLink Info: TPIU fitted.
* JLink Info: ETM fitted.
ROMTableAddr = 0xE00FF003
 
Target info:
------------
Device: STM32F103ZE
VTarget = 3.293V
State of Pins: 
TCK: 0, TDI: 1, TDO: 1, TMS: 1, TRES: 1, TRST: 1
Hardware-Breakpoints: 6
Software-Breakpoints: 8192
Watchpoints:          4
JTAG speed: 4000 kHz
 
Erase Failed!
Error: Flash Download failed  -  "Cortex-M3"
